stm32f4xx_it.c:76:6:NMI_Handler	4	static
stm32f4xx_it.c:89:6:HardFault_Handler	4	static
stm32f4xx_it.c:104:6:MemManage_Handler	4	static
stm32f4xx_it.c:119:6:BusFault_Handler	4	static
stm32f4xx_it.c:134:6:UsageFault_Handler	4	static
stm32f4xx_it.c:149:6:SVC_Handler	4	static
stm32f4xx_it.c:162:6:DebugMon_Handler	4	static
stm32f4xx_it.c:175:6:PendSV_Handler	4	static
stm32f4xx_it.c:195:6:USART1_IRQHandler	8	static
stm32f4xx_it.c:209:6:TIM5_IRQHandler	8	static
stm32f4xx_it.c:223:6:TIM6_DAC_IRQHandler	8	static
stm32f4xx_it.c:237:6:OTG_HS_IRQHandler	8	static
stm32f4xx_it.c:251:6:LTDC_IRQHandler	8	static
stm32f4xx_it.c:265:6:DMA2D_IRQHandler	8	static
